// Jest Snapshot v1, https://goo.gl/fbAQLP

exports[`cmd-cli respond with-syntax-errors should produce a bunch of syntax errors 1`] = `
"
Syntax Error:
No value specified for option:
--empty-value

This option requires a value of type:
string

Option Description:
This will cause an empty value error Lorem ipsum dolor sit amet, consectetur
adipiscing elit, sed do eiusmod tempor incididunt ut labore et dolore magna
aliqua. Ut enim ad minim veniam, quis nostrud exercitation ullamco laboris nisi
ut aliquip ex ea commodo consequat. Duis aute irure dolor in reprehenderit in
voluptate velit esse cillum dolore eu fugiat nulla pariatur. Excepteur sint
occaecat cupidatat non proident, sunt in culpa qui officia deserunt mollit anim
id est laborum.

Syntax Error:
You must specify one of the following options for this command:
[--must-specify-one-of-abc-maybe-a, --must-specify-one-of-abc-maybe-b, --must-specify-one-of-abc-maybe-c]

Syntax Error:
You may specify only one of the following options for this command:
[--only-specify-one-of-abc-maybe-a, --only-specify-one-of-abc-maybe-b]

You specified the following:
[--only-specify-one-of-abc-maybe-a, --only-specify-one-of-abc-maybe-b]

Syntax Error:
Invalid format specified for positional option:
positionalparams

You specified:
XYZ

Option must match the following regular expression:
ABC

Syntax Error:
Missing Required Option:
--long-option (--lo)

Option Description:
Lorem ipsum dolor sit amet, consectetur adipiscing elit, sed do eiusmod tempor
incididunt ut labore et dolore magna aliqua. Ut enim ad minim veniam, quis
nostrud exercitation ullamco laboris nisi ut aliquip ex ea commodo consequat.
Duis aute irure dolor in reprehenderit in voluptate velit esse cillum dolore eu
fugiat nulla pariatur. Excepteur sint occaecat cupidatat non proident, sunt in
culpa qui officia deserunt mollit anim id est laborum.

Syntax Error:
Invalid JSON string supplied for the following option:
--json-option

You specified:
{das342112309432

JSON parsing failed with the following error:
Unexpected token d in JSON at position 1

Syntax Error:
If you do not specify the following option:
--absence-impl-a

You must specify one of these options:
[--absence-impl-b, --absence-impl-c]

Syntax Error:
Invalid value specified for option:
--value-range 

You specified:
blah

The value must be a number

Syntax Error:
Invalid file path specified for option:
--fake-file 

You specified:
\\"fakeeeeeeeeeeeeee\\"

The file does not exist

Syntax Error:
Invalid value length for option:
--string-length-over-max

You specified a string of length 13:
asldkfjasdlfj

The length must be between 1 and 3 (inclusive)

Syntax Error:
You cannot specify the following option multiple times:
--requires-another 

Syntax Error:
If you specify the following option:
--requires-another

You must also specify:
--required-by-another

Syntax Error:
The following options conflict (mutually exclusive):
--conflicts-with
--conflicts-with-another

Syntax Error:
Invalid value specified for option:
--allowable-error 

You specified:
hello

The value must match one of the following regular expressions:
[ '^ABC$', '^123$' ].

Use \\"cmd-cli respond with-syntax-errors --help\\" to view command description, usage, and options.
"
`;
